Traceback (most recent call last):
  File "/Users/cweiss/opt/miniconda3/envs/scicompchem-env/lib/python3.13/site-packages/jupyter_core/utils/__init__.py", line 154, in wrapped
    asyncio.get_running_loop()
    ~~~~~~~~~~~~~~~~~~~~~~~~^^
RuntimeError: no running event loop

During handling of the above exception, another exception occurred:

Traceback (most recent call last):
  File "/Users/cweiss/opt/miniconda3/envs/scicompchem-env/lib/python3.13/site-packages/jupyter_cache/executors/utils.py", line 58, in single_nb_execution
    executenb(
    ~~~~~~~~~^
        nb,
        ^^^
    ...<4 lines>...
        **kwargs,
        ^^^^^^^^^
    )
    ^
  File "/Users/cweiss/opt/miniconda3/envs/scicompchem-env/lib/python3.13/site-packages/nbclient/client.py", line 1319, in execute
    return NotebookClient(nb=nb, resources=resources, km=km, **kwargs).execute()
           ~~~~~~~~~~~~~~~~~~~~~~~~~~~~~~~~~~~~~~~~~~~~~~~~~~~~~~~~~~~~~~~~~~~^^
  File "/Users/cweiss/opt/miniconda3/envs/scicompchem-env/lib/python3.13/site-packages/jupyter_core/utils/__init__.py", line 158, in wrapped
    return loop.run_until_complete(inner)
           ~~~~~~~~~~~~~~~~~~~~~~~^^^^^^^
  File "/Users/cweiss/opt/miniconda3/envs/scicompchem-env/lib/python3.13/asyncio/base_events.py", line 726, in run_until_complete
    return future.result()
           ~~~~~~~~~~~~~^^
  File "/Users/cweiss/opt/miniconda3/envs/scicompchem-env/lib/python3.13/site-packages/nbclient/client.py", line 709, in async_execute
    await self.async_execute_cell(
        cell, index, execution_count=self.code_cells_executed + 1
    )
  File "/Users/cweiss/opt/miniconda3/envs/scicompchem-env/lib/python3.13/site-packages/nbclient/client.py", line 1062, in async_execute_cell
    await self._check_raise_for_error(cell, cell_index, exec_reply)
  File "/Users/cweiss/opt/miniconda3/envs/scicompchem-env/lib/python3.13/site-packages/nbclient/client.py", line 918, in _check_raise_for_error
    raise CellExecutionError.from_cell_and_msg(cell, exec_reply_content)
nbclient.exceptions.CellExecutionError: An error occurred while executing the following cell:
------------------
import nmrglue as ng
import numpy as np
import matplotlib.pyplot as plt
------------------


[0;31m---------------------------------------------------------------------------[0m
[0;31mTypeError[0m                                 Traceback (most recent call last)
Cell [0;32mIn[2], line 1[0m
[0;32m----> 1[0m [38;5;28;01mimport[39;00m[38;5;250m [39m[38;5;21;01mnmrglue[39;00m[38;5;250m [39m[38;5;28;01mas[39;00m[38;5;250m [39m[38;5;21;01mng[39;00m
[1;32m      2[0m [38;5;28;01mimport[39;00m[38;5;250m [39m[38;5;21;01mnumpy[39;00m[38;5;250m [39m[38;5;28;01mas[39;00m[38;5;250m [39m[38;5;21;01mnp[39;00m
[1;32m      3[0m [38;5;28;01mimport[39;00m[38;5;250m [39m[38;5;21;01mmatplotlib[39;00m[38;5;21;01m.[39;00m[38;5;21;01mpyplot[39;00m[38;5;250m [39m[38;5;28;01mas[39;00m[38;5;250m [39m[38;5;21;01mplt[39;00m

File [0;32m~/opt/miniconda3/envs/scicompchem-env/lib/python3.13/site-packages/nmrglue/__init__.py:1[0m
[0;32m----> 1[0m [38;5;28;01mfrom[39;00m[38;5;250m [39m[38;5;21;01m.[39;00m[38;5;21;01mfileio[39;00m[38;5;250m [39m[38;5;28;01mimport[39;00m [38;5;241m*[39m
[1;32m      2[0m [38;5;28;01mfrom[39;00m[38;5;250m [39m[38;5;21;01m.[39;00m[38;5;21;01mprocess[39;00m[38;5;250m [39m[38;5;28;01mimport[39;00m [38;5;241m*[39m
[1;32m      3[0m [38;5;28;01mfrom[39;00m[38;5;250m [39m[38;5;21;01m.[39;00m[38;5;21;01mutil[39;00m[38;5;250m [39m[38;5;28;01mimport[39;00m [38;5;241m*[39m

File [0;32m~/opt/miniconda3/envs/scicompchem-env/lib/python3.13/site-packages/nmrglue/fileio/__init__.py:9[0m
[1;32m      7[0m [38;5;28;01mfrom[39;00m[38;5;250m [39m[38;5;21;01m.[39;00m[38;5;250m [39m[38;5;28;01mimport[39;00m simpson
[1;32m      8[0m [38;5;28;01mfrom[39;00m[38;5;250m [39m[38;5;21;01m.[39;00m[38;5;250m [39m[38;5;28;01mimport[39;00m sparky
[0;32m----> 9[0m [38;5;28;01mfrom[39;00m[38;5;250m [39m[38;5;21;01m.[39;00m[38;5;250m [39m[38;5;28;01mimport[39;00m tecmag
[1;32m     10[0m [38;5;28;01mfrom[39;00m[38;5;250m [39m[38;5;21;01m.[39;00m[38;5;250m [39m[38;5;28;01mimport[39;00m varian
[1;32m     11[0m [38;5;66;03m# replicate varian namespace in agilent[39;00m

File [0;32m~/opt/miniconda3/envs/scicompchem-env/lib/python3.13/site-packages/nmrglue/fileio/tecmag.py:27[0m
[1;32m     22[0m [38;5;28;01mfrom[39;00m[38;5;250m [39m[38;5;21;01m.[39;00m[38;5;250m [39m[38;5;28;01mimport[39;00m fileiobase
[1;32m     25[0m TNTMAGIC_RE [38;5;241m=[39m re[38;5;241m.[39mcompile([38;5;124mbr[39m[38;5;124m"[39m[38;5;124m^TNT1[39m[38;5;124m\[39m[38;5;124m.[39m[38;5;124m\[39m[38;5;124md[39m[38;5;124m\[39m[38;5;124md[39m[38;5;124m\[39m[38;5;124md$[39m[38;5;124m"[39m)
[0;32m---> 27[0m TNTMAGIC [38;5;241m=[39m [43mnp[49m[38;5;241;43m.[39;49m[43mdtype[49m[43m([49m[38;5;124;43m'[39;49m[38;5;124;43ma8[39;49m[38;5;124;43m'[39;49m[43m)[49m
[1;32m     28[0m TNTTLV [38;5;241m=[39m np[38;5;241m.[39mdtype([([38;5;124m'[39m[38;5;124mtag[39m[38;5;124m'[39m, [38;5;124m'[39m[38;5;124ma4[39m[38;5;124m'[39m), ([38;5;124m'[39m[38;5;124mbool[39m[38;5;124m'[39m, [38;5;124m'[39m[38;5;124m<u4[39m[38;5;124m'[39m), ([38;5;124m'[39m[38;5;124mlength[39m[38;5;124m'[39m, [38;5;124m'[39m[38;5;124m<u4[39m[38;5;124m'[39m)])
[1;32m     30[0m TNTTMAG [38;5;241m=[39m np[38;5;241m.[39mdtype([
[1;32m     31[0m     ([38;5;124m'[39m[38;5;124mnpts[39m[38;5;124m'[39m, [38;5;124m'[39m[38;5;124m<i4[39m[38;5;124m'[39m, [38;5;241m4[39m),
[1;32m     32[0m     ([38;5;124m'[39m[38;5;124mactual_npts[39m[38;5;124m'[39m, [38;5;124m'[39m[38;5;124m<i4[39m[38;5;124m'[39m, [38;5;241m4[39m),
[0;32m   (...)[0m
[1;32m    110[0m     ([38;5;124m'[39m[38;5;124mlock_nucleus[39m[38;5;124m'[39m, [38;5;124m'[39m[38;5;124ma16[39m[38;5;124m'[39m)
[1;32m    111[0m ])

[0;31mTypeError[0m: data type 'a8' not understood

